logs/25d3ac1b-424f-4ba8-9db5-dde7fc7ac3e9.txt
val_bpb:enabled tokenizer_kind=sentencepiece tokenizer_path=./data/tokenizers/fineweb_1024_bpe.model
train_loader:dataset:fineweb10B_sp1024 train_shards:1
val_loader:shards pattern=./data/datasets/fineweb10B_sp1024/fineweb_val_*.bin tokens:62021632
model_params:17059912
world_size:1 grad_accum_steps:8
sdp_backends:cudnn=False flash=True mem_efficient=False math=False
attention_mode:gqa num_heads:8 num_kv_heads:4
tie_embeddings:True embed_lr:0.05 head_lr:0.0 matrix_lr:0.04 scalar_lr:0.04
train_batch_tokens:524288 train_seq_len:1024 iterations:20000 warmup_steps:20 max_wallclock_seconds:600.000
seed:1337
warmup_step:1/20
warmup_step:2/20
warmup_step:3/20
warmup_step:4/20
warmup_step:5/20
warmup_step:6/20
warmup_step:7/20
warmup_step:8/20
warmup_step:9/20
warmup_step:10/20
warmup_step:11/20
warmup_step:12/20
warmup_step:13/20
warmup_step:14/20
warmup_step:15/20
warmup_step:16/20
warmup_step:17/20
warmup_step:18/20
warmup_step:19/20
warmup_step:20/20
step:0/20000 val_loss:6.9357 val_bpb:4.1077 train_time:0ms step_avg:0.01ms
step:1/20000 train_loss:6.9357 train_time:850ms step_avg:850.12ms
step:2/20000 train_loss:16.7399 train_time:1639ms step_avg:819.51ms
step:3/20000 train_loss:10.8321 train_time:2431ms step_avg:810.24ms
step:4/20000 train_loss:7.1344 train_time:3223ms step_avg:805.65ms
step:5/20000 train_loss:6.2408 train_time:4016ms step_avg:803.13ms
step:6/20000 train_loss:6.2966 train_time:4807ms step_avg:801.09ms
step:7/20000 train_loss:6.1175 train_time:5596ms step_avg:799.40ms
step:8/20000 train_loss:6.0381 train_time:6390ms step_avg:798.81ms
step:9/20000 train_loss:5.9767 train_time:7192ms step_avg:799.10ms
step:10/20000 train_loss:5.9413 train_time:7994ms step_avg:799.42ms
step:200/20000 train_loss:2.7755 train_time:169058ms step_avg:845.29ms
step:400/20000 train_loss:2.5135 train_time:340603ms step_avg:851.51ms
step:600/20000 train_loss:2.4379 train_time:510317ms step_avg:850.53ms
step:707/20000 val_loss:2.3810 val_bpb:1.4101 train_time:600403ms step_avg:849.23ms
stopping_early: wallclock_cap train_time:600403ms step:707/20000
peak memory allocated: 10255 MiB reserved: 10510 MiB
Serialized model: 67224983 bytes
Code size: 47686 bytes
Total submission size: 67272669 bytes
Serialized model int8+zlib: 11214822 bytes (payload:17178912 raw_torch:17224025 payload_ratio:3.91x)
Total submission size int8+zlib: 11262508 bytes
final_int8_zlib_roundtrip val_loss:2.3888 val_bpb:1.4148 eval_time:29408ms
final_int8_zlib_roundtrip_exact val_loss:2.38884493 val_bpb:1.41480853
